Last login: Fri Dec  5 13:08:45 on ttys070
kazuyaotani@kazuya-MacBook-Air-2 ~ % ssh root@212.85.24.206
ssh: connect to host 212.85.24.206 port 22: Operation timed out
kazuyaotani@kazuya-MacBook-Air-2 ~ % ssh root@212.85.24.206
ssh: connect to host 212.85.24.206 port 22: Operation timed out
kazuyaotani@kazuya-MacBook-Air-2 ~ % ssh root@212.85.24.206
@@@@@@@@@@@@@@@@@@@@@@@@@@@@@@@@@@@@@@@@@@@@@@@@@@@@@@@@@@@
@    WARNING: REMOTE HOST IDENTIFICATION HAS CHANGED!     @
@@@@@@@@@@@@@@@@@@@@@@@@@@@@@@@@@@@@@@@@@@@@@@@@@@@@@@@@@@@
IT IS POSSIBLE THAT SOMEONE IS DOING SOMETHING NASTY!
Someone could be eavesdropping on you right now (man-in-the-middle attack)!
It is also possible that a host key has just been changed.
The fingerprint for the ED25519 key sent by the remote host is
SHA256:al3WXuP5GFRPBBezR0zFKpW+RTwmSR2rlkONEgPlUSE.
Please contact your system administrator.
Add correct host key in /Users/kazuyaotani/.ssh/known_hosts to get rid of this message.
Offending ECDSA key in /Users/kazuyaotani/.ssh/known_hosts:9
Host key for 212.85.24.206 has changed and you have requested strict checking.
Host key verification failed.
kazuyaotani@kazuya-MacBook-Air-2 ~ % ssh root@212.85.24.206
@@@@@@@@@@@@@@@@@@@@@@@@@@@@@@@@@@@@@@@@@@@@@@@@@@@@@@@@@@@
@    WARNING: REMOTE HOST IDENTIFICATION HAS CHANGED!     @
@@@@@@@@@@@@@@@@@@@@@@@@@@@@@@@@@@@@@@@@@@@@@@@@@@@@@@@@@@@
IT IS POSSIBLE THAT SOMEONE IS DOING SOMETHING NASTY!
Someone could be eavesdropping on you right now (man-in-the-middle attack)!
It is also possible that a host key has just been changed.
The fingerprint for the ED25519 key sent by the remote host is
SHA256:al3WXuP5GFRPBBezR0zFKpW+RTwmSR2rlkONEgPlUSE.
Please contact your system administrator.
Add correct host key in /Users/kazuyaotani/.ssh/known_hosts to get rid of this message.
Offending ECDSA key in /Users/kazuyaotani/.ssh/known_hosts:9
Host key for 212.85.24.206 has changed and you have requested strict checking.
Host key verification failed.
kazuyaotani@kazuya-MacBook-Air-2 ~ % ssh root@212.85.24.206
@@@@@@@@@@@@@@@@@@@@@@@@@@@@@@@@@@@@@@@@@@@@@@@@@@@@@@@@@@@
@    WARNING: REMOTE HOST IDENTIFICATION HAS CHANGED!     @
@@@@@@@@@@@@@@@@@@@@@@@@@@@@@@@@@@@@@@@@@@@@@@@@@@@@@@@@@@@
IT IS POSSIBLE THAT SOMEONE IS DOING SOMETHING NASTY!
Someone could be eavesdropping on you right now (man-in-the-middle attack)!
It is also possible that a host key has just been changed.
The fingerprint for the ED25519 key sent by the remote host is
SHA256:al3WXuP5GFRPBBezR0zFKpW+RTwmSR2rlkONEgPlUSE.
Please contact your system administrator.
Add correct host key in /Users/kazuyaotani/.ssh/known_hosts to get rid of this message.
Offending ECDSA key in /Users/kazuyaotani/.ssh/known_hosts:9
Host key for 212.85.24.206 has changed and you have requested strict checking.
Host key verification failed.
kazuyaotani@kazuya-MacBook-Air-2 ~ % 
kazuyaotani@kazuya-MacBook-Air-2 ~ % ssh-keygen -R 212.85.24.206
# Host 212.85.24.206 found: line 7
# Host 212.85.24.206 found: line 8
# Host 212.85.24.206 found: line 9
/Users/kazuyaotani/.ssh/known_hosts updated.
Original contents retained as /Users/kazuyaotani/.ssh/known_hosts.old
kazuyaotani@kazuya-MacBook-Air-2 ~ % ssh root@212.85.24.206
The authenticity of host '212.85.24.206 (212.85.24.206)' can't be established.
ED25519 key fingerprint is SHA256:al3WXuP5GFRPBBezR0zFKpW+RTwmSR2rlkONEgPlUSE.
This key is not known by any other names.
Are you sure you want to continue connecting (yes/no/[fingerprint])? yes
Warning: Permanently added '212.85.24.206' (ED25519) to the list of known hosts.
root@212.85.24.206's password: 
Welcome to Ubuntu 24.04.3 LTS (GNU/Linux 6.8.0-88-generic x86_64)

 * Documentation:  https://help.ubuntu.com
 * Management:     https://landscape.canonical.com
 * Support:        https://ubuntu.com/pro

 System information as of Fri Dec  5 05:18:01 UTC 2025

  System load:  3.56               Processes:             164
  Usage of /:   7.2% of 192.69GB   Users logged in:       0
  Memory usage: 7%                 IPv4 address for eth0: 212.85.24.206
  Swap usage:   0%                 IPv6 address for eth0: 2a02:4780:59:cc86::1

 * Strictly confined Kubernetes makes edge and IoT secure. Learn how MicroK8s
   just raised the bar for easy, resilient and secure K8s cluster deployment.

   https://ubuntu.com/engage/secure-kubernetes-at-the-edge

Expanded Security Maintenance for Applications is not enabled.

6 updates can be applied immediately.
To see these additional updates run: apt list --upgradable

Enable ESM Apps to receive additional future security updates.
See https://ubuntu.com/esm or run: sudo pro status


1 updates could not be installed automatically. For more details,
see /var/log/unattended-upgrades/unattended-upgrades.log

Last login: Fri Nov 28 01:33:19 2025 from 59.132.63.35
root@srv1087935:~# cd /public_html
git pull origin main
npm install
npm run build
pm2 restart sinjapan-manager
-bash: cd: /public_html: No such file or directory
fatal: not a git repository (or any of the parent directories): .git
npm error code ENOENT
npm error syscall open
npm error path /root/package.json
npm error errno -2
npm error enoent Could not read package.json: Error: ENOENT: no such file or directory, open '/root/package.json'
npm error enoent This is related to npm not being able to find a file.
npm error enoent
npm error A complete log of this run can be found in: /root/.npm/_logs/2025-12-05T05_19_21_424Z-debug-0.log
npm error code ENOENT
npm error syscall open
npm error path /root/package.json
npm error errno -2
npm error enoent Could not read package.json: Error: ENOENT: no such file or directory, open '/root/package.json'
npm error enoent This is related to npm not being able to find a file.
npm error enoent
npm error A complete log of this run can be found in: /root/.npm/_logs/2025-12-05T05_19_21_747Z-debug-0.log
Use --update-env to update environment variables
[PM2] Applying action restartProcessId on app [sinjapan-manager](ids: [ 4 ])
[PM2] [sinjapan-manager](4) ✓
┌────┬────────────────────┬──────────┬──────┬───────────┬──────────┬──────────┐
│ id │ name               │ mode     │ ↺    │ status    │ cpu      │ memory   │
├────┼────────────────────┼──────────┼──────┼───────────┼──────────┼──────────┤
│ 2  │ logimatch          │ fork     │ 0    │ online    │ 0%       │ 69.0mb   │
│ 5  │ menz-esthe-town    │ fork     │ 0    │ online    │ 0%       │ 84.4mb   │
│ 0  │ only-u             │ cluster  │ 0    │ online    │ 0%       │ 95.0mb   │
│ 4  │ sinjapan-manager   │ fork     │ 1    │ online    │ 0%       │ 18.3mb   │
│ 1  │ sinjapan-poker     │ fork     │ 0    │ online    │ 0%       │ 191.6mb  │
│ 3  │ sinjapan-school    │ fork     │ 0    │ online    │ 0%       │ 87.3mb   │
└────┴────────────────────┴──────────┴──────┴───────────┴──────────┴──────────┘
root@srv1087935:~# 
