Last login: Fri Dec  5 13:08:45 on ttys070
kazuyaotani@kazuya-MacBook-Air-2 ~ % ssh root@212.85.24.206
ssh: connect to host 212.85.24.206 port 22: Operation timed out
kazuyaotani@kazuya-MacBook-Air-2 ~ % ssh root@212.85.24.206
ssh: connect to host 212.85.24.206 port 22: Operation timed out
kazuyaotani@kazuya-MacBook-Air-2 ~ % ssh root@212.85.24.206
@@@@@@@@@@@@@@@@@@@@@@@@@@@@@@@@@@@@@@@@@@@@@@@@@@@@@@@@@@@
@    WARNING: REMOTE HOST IDENTIFICATION HAS CHANGED!     @
@@@@@@@@@@@@@@@@@@@@@@@@@@@@@@@@@@@@@@@@@@@@@@@@@@@@@@@@@@@
IT IS POSSIBLE THAT SOMEONE IS DOING SOMETHING NASTY!
Someone could be eavesdropping on you right now (man-in-the-middle attack)!
It is also possible that a host key has just been changed.
The fingerprint for the ED25519 key sent by the remote host is
SHA256:al3WXuP5GFRPBBezR0zFKpW+RTwmSR2rlkONEgPlUSE.
Please contact your system administrator.
Add correct host key in /Users/kazuyaotani/.ssh/known_hosts to get rid of this message.
Offending ECDSA key in /Users/kazuyaotani/.ssh/known_hosts:9
Host key for 212.85.24.206 has changed and you have requested strict checking.
Host key verification failed.
kazuyaotani@kazuya-MacBook-Air-2 ~ % ssh root@212.85.24.206
@@@@@@@@@@@@@@@@@@@@@@@@@@@@@@@@@@@@@@@@@@@@@@@@@@@@@@@@@@@
@    WARNING: REMOTE HOST IDENTIFICATION HAS CHANGED!     @
@@@@@@@@@@@@@@@@@@@@@@@@@@@@@@@@@@@@@@@@@@@@@@@@@@@@@@@@@@@
IT IS POSSIBLE THAT SOMEONE IS DOING SOMETHING NASTY!
Someone could be eavesdropping on you right now (man-in-the-middle attack)!
It is also possible that a host key has just been changed.
The fingerprint for the ED25519 key sent by the remote host is
SHA256:al3WXuP5GFRPBBezR0zFKpW+RTwmSR2rlkONEgPlUSE.
Please contact your system administrator.
Add correct host key in /Users/kazuyaotani/.ssh/known_hosts to get rid of this message.
Offending ECDSA key in /Users/kazuyaotani/.ssh/known_hosts:9
Host key for 212.85.24.206 has changed and you have requested strict checking.
Host key verification failed.
kazuyaotani@kazuya-MacBook-Air-2 ~ % ssh root@212.85.24.206
@@@@@@@@@@@@@@@@@@@@@@@@@@@@@@@@@@@@@@@@@@@@@@@@@@@@@@@@@@@
@    WARNING: REMOTE HOST IDENTIFICATION HAS CHANGED!     @
@@@@@@@@@@@@@@@@@@@@@@@@@@@@@@@@@@@@@@@@@@@@@@@@@@@@@@@@@@@
IT IS POSSIBLE THAT SOMEONE IS DOING SOMETHING NASTY!
Someone could be eavesdropping on you right now (man-in-the-middle attack)!
It is also possible that a host key has just been changed.
The fingerprint for the ED25519 key sent by the remote host is
SHA256:al3WXuP5GFRPBBezR0zFKpW+RTwmSR2rlkONEgPlUSE.
Please contact your system administrator.
Add correct host key in /Users/kazuyaotani/.ssh/known_hosts to get rid of this message.
Offending ECDSA key in /Users/kazuyaotani/.ssh/known_hosts:9
Host key for 212.85.24.206 has changed and you have requested strict checking.
Host key verification failed.
kazuyaotani@kazuya-MacBook-Air-2 ~ % 
kazuyaotani@kazuya-MacBook-Air-2 ~ % ssh-keygen -R 212.85.24.206
# Host 212.85.24.206 found: line 7
# Host 212.85.24.206 found: line 8
# Host 212.85.24.206 found: line 9
/Users/kazuyaotani/.ssh/known_hosts updated.
Original contents retained as /Users/kazuyaotani/.ssh/known_hosts.old
kazuyaotani@kazuya-MacBook-Air-2 ~ % ssh root@212.85.24.206
The authenticity of host '212.85.24.206 (212.85.24.206)' can't be established.
ED25519 key fingerprint is SHA256:al3WXuP5GFRPBBezR0zFKpW+RTwmSR2rlkONEgPlUSE.
This key is not known by any other names.
Are you sure you want to continue connecting (yes/no/[fingerprint])? yes
Warning: Permanently added '212.85.24.206' (ED25519) to the list of known hosts.
root@212.85.24.206's password: 
Welcome to Ubuntu 24.04.3 LTS (GNU/Linux 6.8.0-88-generic x86_64)

 * Documentation:  https://help.ubuntu.com
 * Management:     https://landscape.canonical.com
 * Support:        https://ubuntu.com/pro

 System information as of Fri Dec  5 05:18:01 UTC 2025

  System load:  3.56               Processes:             164
  Usage of /:   7.2% of 192.69GB   Users logged in:       0
  Memory usage: 7%                 IPv4 address for eth0: 212.85.24.206
  Swap usage:   0%                 IPv6 address for eth0: 2a02:4780:59:cc86::1

 * Strictly confined Kubernetes makes edge and IoT secure. Learn how MicroK8s
   just raised the bar for easy, resilient and secure K8s cluster deployment.

   https://ubuntu.com/engage/secure-kubernetes-at-the-edge

Expanded Security Maintenance for Applications is not enabled.

6 updates can be applied immediately.
To see these additional updates run: apt list --upgradable

Enable ESM Apps to receive additional future security updates.
See https://ubuntu.com/esm or run: sudo pro status


1 updates could not be installed automatically. For more details,
see /var/log/unattended-upgrades/unattended-upgrades.log

Last login: Fri Nov 28 01:33:19 2025 from 59.132.63.35
root@srv1087935:~# cd /public_html
git pull origin main
npm install
npm run build
pm2 restart sinjapan-manager
-bash: cd: /public_html: No such file or directory
fatal: not a git repository (or any of the parent directories): .git
npm error code ENOENT
npm error syscall open
npm error path /root/package.json
npm error errno -2
npm error enoent Could not read package.json: Error: ENOENT: no such file or directory, open '/root/package.json'
npm error enoent This is related to npm not being able to find a file.
npm error enoent
npm error A complete log of this run can be found in: /root/.npm/_logs/2025-12-05T05_19_21_424Z-debug-0.log
npm error code ENOENT
npm error syscall open
npm error path /root/package.json
npm error errno -2
npm error enoent Could not read package.json: Error: ENOENT: no such file or directory, open '/root/package.json'
npm error enoent This is related to npm not being able to find a file.
npm error enoent
npm error A complete log of this run can be found in: /root/.npm/_logs/2025-12-05T05_19_21_747Z-debug-0.log
Use --update-env to update environment variables
[PM2] Applying action restartProcessId on app [sinjapan-manager](ids: [ 4 ])
[PM2] [sinjapan-manager](4) ✓
┌────┬────────────────────┬──────────┬──────┬───────────┬──────────┬──────────┐
│ id │ name               │ mode     │ ↺    │ status    │ cpu      │ memory   │
├────┼────────────────────┼──────────┼──────┼───────────┼──────────┼──────────┤
│ 2  │ logimatch          │ fork     │ 0    │ online    │ 0%       │ 69.0mb   │
│ 5  │ menz-esthe-town    │ fork     │ 0    │ online    │ 0%       │ 84.4mb   │
│ 0  │ only-u             │ cluster  │ 0    │ online    │ 0%       │ 95.0mb   │
│ 4  │ sinjapan-manager   │ fork     │ 1    │ online    │ 0%       │ 18.3mb   │
│ 1  │ sinjapan-poker     │ fork     │ 0    │ online    │ 0%       │ 191.6mb  │
│ 3  │ sinjapan-school    │ fork     │ 0    │ online    │ 0%       │ 87.3mb   │
└────┴────────────────────┴──────────┴──────┴───────────┴──────────┴──────────┘
root@srv1087935:~# pm2 show sinjapan-manager | grep "exec cwd"
│ exec cwd          │ /var/www/sinjapan-manager                     │
root@srv1087935:~# cd /var/www/sinjapan-manager
git pull origin main
npm install
npm run build
pm2 restart sinjapan-manager
remote: Enumerating objects: 45, done.
remote: Counting objects: 100% (45/45), done.
remote: Compressing objects: 100% (25/25), done.
remote: Total 43 (delta 17), reused 39 (delta 16), pack-reused 0 (from 0)
Unpacking objects: 100% (43/43), 152.25 KiB | 2.31 MiB/s, done.
From https://github.com/SINJAPANLLC/sinjapan-manager-ver2
 * branch            main       -> FETCH_HEAD
 + 7165d1a...3cca585 main       -> origin/main  (forced update)
hint: You have divergent branches and need to specify how to reconcile them.
hint: You can do so by running one of the following commands sometime before
hint: your next pull:
hint: 
hint:   git config pull.rebase false  # merge
hint:   git config pull.rebase true   # rebase
hint:   git config pull.ff only       # fast-forward only
hint: 
hint: You can replace "git config" with "git config --global" to set a default
hint: preference for all repositories. You can also pass --rebase, --no-rebase,
hint: or --ff-only on the command line to override the configured default per
hint: invocation.
fatal: Need to specify how to reconcile divergent branches.

up to date, audited 763 packages in 3s

90 packages are looking for funding
  run `npm fund` for details

10 vulnerabilities (3 low, 5 moderate, 2 high)

To address issues that do not require attention, run:
  npm audit fix

To address all issues (including breaking changes), run:
  npm audit fix --force

Run `npm audit` for details.

> rest-express@1.0.0 build
> vite build && esbuild server/index.ts --platform=node --packages=external --bundle --format=esm --outdir=dist

vite v5.4.20 building for production...
transforming (1) index.htmlBrowserslist: browsers data (caniuse-lite) is 14 months old. Please run:
  npx update-browserslist-db@latest
  Why you should do it regularly: https://github.com/browserslist/update-db#readme
transforming (4) src/App.tsx
A PostCSS plugin did not pass the `from` option to `postcss.parse`. This may cause imported assets to be incorrectly transformed. If you've recently added a PostCSS plugin that raised this warning, please contact the package author to fix the issue.
✓ 3121 modules transformed.
../dist/public/index.html                     0.86 kB │ gzip:   0.61 kB
../dist/public/assets/index-DEoUg7va.css    168.95 kB │ gzip:  26.66 kB
../dist/public/assets/index-D0ddU3YX.js   1,370.52 kB │ gzip: 382.90 kB

(!) Some chunks are larger than 500 kB after minification. Consider:
- Using dynamic import() to code-split the application
- Use build.rollupOptions.output.manualChunks to improve chunking: https://rollupjs.org/configuration-options/#output-manualchunks
- Adjust chunk size limit for this warning via build.chunkSizeWarningLimit.
✓ built in 10.96s

  dist/index.js  316.0kb

⚡ Done in 47ms
Use --update-env to update environment variables
[PM2] Applying action restartProcessId on app [sinjapan-manager](ids: [ 4 ])
[PM2] [sinjapan-manager](4) ✓
┌────┬────────────────────┬──────────┬──────┬───────────┬──────────┬──────────┐
│ id │ name               │ mode     │ ↺    │ status    │ cpu      │ memory   │
├────┼────────────────────┼──────────┼──────┼───────────┼──────────┼──────────┤
│ 2  │ logimatch          │ fork     │ 0    │ online    │ 0%       │ 68.9mb   │
│ 5  │ menz-esthe-town    │ fork     │ 0    │ online    │ 0%       │ 83.5mb   │
│ 0  │ only-u             │ cluster  │ 0    │ online    │ 0%       │ 94.9mb   │
│ 4  │ sinjapan-manager   │ fork     │ 2    │ online    │ 0%       │ 18.3mb   │
│ 1  │ sinjapan-poker     │ fork     │ 0    │ online    │ 0%       │ 191.9mb  │
│ 3  │ sinjapan-school    │ fork     │ 0    │ online    │ 0%       │ 86.4mb   │
└────┴────────────────────┴──────────┴──────┴───────────┴──────────┴──────────┘
root@srv1087935:/var/www/sinjapan-manager# 
